test_gpio_driver.c:10:6:setUp	4	static
test_gpio_driver.c:15:6:tearDown	4	static
test_gpio_driver.c:20:6:test_gpio_write_set_pin_0	16	static
test_gpio_driver.c:27:6:test_gpio_write_reset_pin_0	16	static
test_gpio_driver.c:34:6:test_gpio_write_set_pin_15	16	static
test_gpio_driver.c:41:6:test_gpio_write_reset_pin_15	16	static
test_gpio_driver.c:48:6:test_gpio_write_set_multiple_pins	16	static
test_gpio_driver.c:63:6:test_gpio_write_reset_multiple_pins	16	static
test_gpio_driver.c:82:6:test_gpio_read_pin_0_high	16	static
test_gpio_driver.c:89:6:test_gpio_read_pin_0_low	16	static
test_gpio_driver.c:96:6:test_gpio_read_pin_15_high	16	static
test_gpio_driver.c:103:6:test_gpio_read_pin_15_low	16	static
test_gpio_driver.c:110:6:test_gpio_toggle_pin_0_low_to_high_1	16	static
test_gpio_driver.c:118:6:test_gpio_toggle_pin_0_low_to_high_2	16	static
test_gpio_driver.c:126:6:test_gpio_toggle_pin_0_high_to_low_1	16	static
test_gpio_driver.c:134:6:test_gpio_toggle_pin_0_high_to_low_2	16	static
test_gpio_driver.c:142:6:test_gpio_toggle_pin_15_low_to_high_1	16	static
test_gpio_driver.c:150:6:test_gpio_toggle_pin_15_low_to_high_2	16	static
test_gpio_driver.c:158:6:test_gpio_toggle_pin_15_high_to_low_1	16	static
test_gpio_driver.c:166:6:test_gpio_toggle_pin_15_high_to_low_2	16	static
test_gpio_driver.c:174:6:test_gpio_write_port	16	static
test_gpio_driver.c:195:6:test_gpio_read_idr	16	static
test_gpio_driver.c:214:6:test_gpio_read_odr	16	static
test_gpio_driver.c:233:6:test_gpio_set_mode_pin	32	static
test_gpio_driver.c:258:6:test_gpio_set_mode_all_pins	16	static
test_gpio_driver.c:266:6:test_gpio_set_altfn_pin	32	static
test_gpio_driver.c:289:6:test_gpio_set_altfn_all_pins	16	static
test_gpio_driver.c:297:6:test_gpio_set_optype_pin	32	static
test_gpio_driver.c:313:6:test_gpio_set_optype_all_pins	16	static
test_gpio_driver.c:321:6:test_gpio_set_opspeed_pin	32	static
test_gpio_driver.c:335:6:test_gpio_set_opspeed_all_pins	16	static
test_gpio_driver.c:343:6:test_gpio_set_pupd_pin	32	static
test_gpio_driver.c:356:6:test_gpio_set_pupd_all_pins	16	static
test_gpio_driver.c:364:5:main	8	static
